
> fleetflow@0.1.0 build
> next build

Γû▓ Next.js 16.1.6 (Turbopack)
- Environments: .env

node.exe : ΓÜá The "middleware" file 
convention is deprecated. Please use 
"proxy" instead. Learn more: https://ne
xtjs.org/docs/messages/middleware-to-pr
oxy
At line:1 char:1
+ & "C:\Program Files\nodejs/node.exe" 
"C:\Program Files\nodejs/node_mo ...
+ ~~~~~~~~~~~~~~~~~~~~~~~~~~~~~~~~~~~~~
~~~~~~~~~~~~~~~~~~~~~~~~~~~~~~~~
    + CategoryInfo          : NotSpeci 
   fied: (ΓÜá The "middle...leware-to  
  -proxy:String) [], RemoteException
    + FullyQualifiedErrorId : NativeCo 
   mmandError
 
  Creating an optimized production build ...
Γ£ô Compiled successfully in 3.3s
  Running TypeScript ...
Failed to compile.

.next/dev/types/validator.ts:189:31
Type error: Type 'typeof 
import("E:/Odoo Hackathon/fleetflow/src
/app/api/drivers/[id]/route")' does 
not satisfy the constraint 'RouteHandle
rConfig<"/api/drivers/[id]">'.
  Types of property 'GET' are 
incompatible.
    Type '(req: Request, { params }: { 
params: { id: string; }; }) => 
Promise<NextResponse<Document<unknown, 
{}, IDriver, {}, DefaultSchemaOptions> 
& IDriver & Required<...> & { ...; } & 
{ ...; }> | NextResponse<...>>' is not 
assignable to type '(request: 
NextRequest, context: { params: 
Promise<{ id: string; }>; }) => void | 
Response | Promise<void | Response>'.
      Types of parameters '__1' and 
'context' are incompatible.
        Type '{ params: Promise<{ id: 
string; }>; }' is not assignable to 
type '{ params: { id: string; }; }'.
          Types of property 'params' 
are incompatible.
            Property 'id' is missing 
in type 'Promise<{ id: string; }>' but 
required in type '{ id: string; }'.

[0m [90m 187 |[39m   type __IsExpect
ed[33m<[39m[33mSpecific[39m 
[36mextends[39m [33mRouteHandlerConf
ig[39m[33m<[39m[32m"/api/drivers/[i
d]"[39m[33m>>[39m [33m=[39m 
[33mSpecific[39m
 [90m 188 |[39m   [36mconst[39m 
handler [33m=[39m {} [36mas[39m 
[36mtypeof[39m [36mimport[39m([32m
"../../../src/app/api/drivers/[id]/rout
e.js"[39m)
[31m[1m>[22m[39m[90m 189 |[39m   
type __Check [33m=[39m __IsExpected[
33m<[39m[36mtypeof[39m 
handler[33m>[39m
 [90m     |[39m                      
         [31m[1m^[22m[39m
 [90m 190 |[39m   [90m// 
@ts-ignore[39m
 [90m 191 |[39m   type __Unused 
[33m=[39m __Check
 [90m 192 |[39m }[0m
Next.js build worker exited with code: 
1 and signal: null
